Setting SWD clock to 240 kHz

==================================================================
  flash 三路会审（路 1 路 2 全程只读）
==================================================================

  把 RST 按住接地，我数到 0 再松手：
      8 ...
      7 ...
      6 ...
      5 ...
      4 ...
      3 ...
      2 ...
      1 ...
  >>> 现在松手！ <<<
  connect() 成功（复位后 1102 ms，试了 250 次）
  CPU 已停住（后面只读，停着读最稳）

  通路复查（经典路径，应该跟 dapinfo 那次一样）
    CPUID  0xE000ED00 = 0x410FC241   期望 0x410FC241
    ROM 表 0xE00FF000 = 0xFFF0F003   期望 0xFFF0F003
    AP CSW 原值        = 0x23000052

  --- 路 2：别名窗口（SDK: EXFLASH_ALIAS_ADDR = 0x01000000 + 0x02000000）---
    0x03000000 : 0xB7C83400 0xB7C83400 0xB7C83400 0xB7C83400 0xB7C83400 0xB7C83400 0xB7C83400 0xB7C83400  <-- 一个死值
    0x03003000 : 0xB7C83400 0xB7C83400 0xB7C83400 0xB7C83400 0xB7C83400 0xB7C83400 0xB7C83400 0xB7C83400  <-- 一个死值
    0x0300A000 : 0xB7C83400 0xB7C83400 0xB7C83400 0xB7C83400 0xB7C83400 0xB7C83400 0xB7C83400 0xB7C83400  <-- 一个死值
    0x0300A200 : 0xB7C83400 0xB7C83400 0xB7C83400 0xB7C83400 0xB7C83400 0xB7C83400 0xB7C83400 0xB7C83400  <-- 一个死值
    对照 0x0100A200（flash 原窗口，期望 magic 0x47525858）= 0xB7C83400
    对照 0x0300A200（别名窗口，同样期望 magic）            = 0xB7C83400

  --- 路 1：CSW 实验（每一种都手搓 TAR/DRW，绕开 pyOCD 与加速接口）---
    参照点：两个窗口的 0xA200 都应该是 app_info magic 0x47525858
    CSW         flash 窗口    别名窗口         这次的 CSW 是什么意思
    0x23000052  0xB7C83400  0xB7C83400   基准 = pyOCD 平时就是这样读的（HPROT=3 MSTRTYPE=1）
    0x03000052  0xB7C83400  0xB7C83400   去掉 MSTRTYPE：装成普通总线访问
    0x23800052  0xB7C83400  0xB7C83400   加上 SPIDEN（安全特权调试使能）
    0x03800052  0xB7C83400  0xB7C83400   SPIDEN=1 + 去掉 MSTRTYPE
    0x3F000052  0xB7C83400  0xB7C83400   HPROT=0x1F（全置 1）
    0x1F000052  0xB7C83400  0xB7C83400   HPROT=0x1F + 去掉 MSTRTYPE
    0x2F000052  0xB7C83400  0xB7C83400   HPROT=0x0F
    0x21000052  0xB7C83400  0xB7C83400   HPROT=0x01（数据、非特权）
    0x29000052  0xB7C83400  0xB7C83400   HPROT=0x09
    0x63000052  0xB7C83400  0xB7C83400   HNONSEC=1（走非安全通道）
    0x43000052  0xB7C83400  0xB7C83400   HNONSEC=1 + 去掉 MSTRTYPE
    0x23000012  0xB7C83400  0xB7C83400   不要 DEVICEEN
    0x23000051  0x00003400  0x00003400   16 位传输
    0x23000050  0x00000000  0x00000000   8 位传输

  --- 旁路：外设空间通不通（决定还有没有别的路可走）---
    0xA0000000 = 0x00000000    TIMER0    定时器
    0xA0008000 = 0xFFFFFFFF    WDT       看门狗（有值说明在看门狗寄存器是活的）
    0xA000D000 = 0x00000791    XQSPI     flash 控制器（能读它就有第三条路）
    0xA0010000 = 0x00000000    GPIO0
    0xA0016400 = 0x100010F0    EFUSE     寄存器
    0xE000ED00 = 0x410FC241    CPUID     对照组，应该 0x410FC241
    0x00800000 = 0x00000000    RAM       读出来是什么无所谓，能读就行
    0x30000000 = 0x00000000    SRAM 别名 对照组

  --- eFuse 里的 AES 钥匙（GR551x 加密 XIP 用的，SDK 里写着地址）---
    0xA0017060 AESKEY_BASE_ADDR     0x00000000 0x00000000 0x00000000 0x00000000
    0xA00170E0 FWCODEKEY_BASE_ADDR  0x00000000 0x00000000 0x00000000 0x00000000

  --- 路 3：CPU 搬运（让 CPU 自己把 flash 抄进 RAM）---
    RAM 可写性探测：
      0x0081F000 写 0x5A5AA5A5 读回 0x5A5AA5A5
    RAM 窗口：代码放 0x00816000，缓冲放 0x00817000，一次搬 0x8000 字节

    这一步要往 RAM 里写 16 个字节的代码、并且让 CPU 跑 0.25 秒。
    不碰 flash、不擦不写，但芯片会被打断一次（跑完要复位一下才恢复正常）。
    要做吗？[y/N] 
    装小程序到 0x00816000 ... 好了
    从 0x0100A000 搬 0x1000 字节到 0x00817000，让 CPU 跑一下
    搬回来了 4096 字节，里面有 1 个不同的 32 位字
    前 32 字节：0xB7C83400 0xB7C83400 0xB7C83400 0xB7C83400 0xB7C83400 0xB7C83400 0xB7C83400 0xB7C83400
    0x0100A200（应有 magic）= 0xB7C83400
    >>> 搬回来还是死值：CPU 读 flash 也不通（或者 CPU 根本没跑到我们的代码）

==================================================================
  总结
==================================================================
    路 1 CSW 实验        : 没有任何一种 CSW 组合能读到 flash
    路 2 别名 0x03000000 : 跟 0x01000000 一样是死值
    路 3 CPU 搬运        : 搬回来的东西也几乎是死值

  下一步：三条路都没通。这时候只剩两个选择：
    a) 用 USB-TTL 接价签的 URX，走 UART/Goodix 官方 GProgrammer 那条路
    b) 直接放弃读原厂固件 —— 反正你要做的是自己写基站，
       原厂固件只是「想留个底」，不是必需品

  提醒：CPU 搬运那一步把芯片打断了，跑完把价签的 RST 碰一下 GND 再松开，
        让它重新正常启动（不然它会一直卡在我们塞进去的小循环里）。
