Setting SWD clock to 500 kHz

==================================================================
  只拉 RST，完全不碰 SWD（pyOCD 版）
------------------------------------------------------------------
  次数 5 次，每次拉低 200 ms，两下之间隔 1200 ms
==================================================================

  [1/5] 拉低 RST ...
        ... 松开 RST (t=200 ms，灯应该开始走 绿-蓝-红)
  [2/5] 拉低 RST ...
        ... 松开 RST (t=200 ms，灯应该开始走 绿-蓝-红)
  [3/5] 拉低 RST ...
        ... 松开 RST (t=200 ms，灯应该开始走 绿-蓝-红)
  [4/5] 拉低 RST ...
        ... 松开 RST (t=200 ms，灯应该开始走 绿-蓝-红)
  [5/5] 拉低 RST ...
        ... 松开 RST (t=200 ms，灯应该开始走 绿-蓝-红)

==================================================================
  发出去 5 次复位脉冲。

  灯跟着动了 -> RST 线是通的
  灯全程没反应 -> RST 线没接通或接错脚：
      1. 万用表通断档：一支表笔按住价签 RST 焊盘，另一支碰
         ST-Link 上你插 RST 的那根排针 —— 要响。
      2. 排针号对不对：很多 ST-Link V2 克隆版的定义和标准 ARM
         10 针不一样，卖家给的图也常常是错的。
      3. 价签 GND 必须和 ST-Link GND 共地。
RESULT_PULSE_OK count=5
==================================================================
Setting SWD clock to 500 kHz

==================================================================
  按 LED 时序抢 SWD 窗口（pyOCD 版）
------------------------------------------------------------------
  时序假设 : 松开 RST -> 2000ms 绿灯 -> 1000ms 蓝灯 -> 1000ms 红灯
  抓取窗口 : 复位后 0 ~ 4600 ms（ROM/bootloader 阶段，SWD 该是活的）
  轮数     : 4 轮，每轮拉低 RST 200 ms
==================================================================

========== 第 1/4 轮 ==========
  RST 已松开 -> t=0（盯着灯：约 2000ms 后应该转绿）
  [ 2000 ms] 已试 721 次  >> 绿灯应该亮了（应用固件开始接管）
  [ 3001 ms] 已试 1100 次  >> 蓝灯应该亮了
  [ 4002 ms] 已试 1471 次  >> 红灯（应用已经完全接管）
  本轮没中：4601 ms 里试了 1713 次，约 372 次/秒。

========== 第 2/4 轮 ==========
  RST 已松开 -> t=0（盯着灯：约 2000ms 后应该转绿）
  [ 2001 ms] 已试 705 次  >> 绿灯应该亮了（应用固件开始接管）
  [ 3001 ms] 已试 1066 次  >> 蓝灯应该亮了
  [ 4002 ms] 已试 1428 次  >> 红灯（应用已经完全接管）
  本轮没中：4600 ms 里试了 1659 次，约 360 次/秒。

========== 第 3/4 轮 ==========
  RST 已松开 -> t=0（盯着灯：约 2000ms 后应该转绿）
  [ 2001 ms] 已试 685 次  >> 绿灯应该亮了（应用固件开始接管）
  [ 3001 ms] 已试 1079 次  >> 蓝灯应该亮了
  [ 4002 ms] 已试 1440 次  >> 红灯（应用已经完全接管）
  本轮没中：4604 ms 里试了 1673 次，约 363 次/秒。

========== 第 4/4 轮 ==========
  RST 已松开 -> t=0（盯着灯：约 2000ms 后应该转绿）
  [ 2000 ms] 已试 690 次  >> 绿灯应该亮了（应用固件开始接管）
  [ 3001 ms] 已试 1067 次  >> 蓝灯应该亮了
  [ 4000 ms] 已试 1434 次  >> 红灯（应用已经完全接管）
  本轮没中：4601 ms 里试了 1668 次，约 362 次/秒。

==================================================================
  4 轮全部失败，共尝试 6713 次，花了 19 秒。

  连 ROM 那 2 秒都抢不到 —— 问题不在时机，在链路上：
    1. RST 线通不通（先跑 rstpulse 看灯动不动）
    2. SWCLK / SWDIO 是不是接反了（对调，30 秒的事）
    3. GND 必须和 ST-Link 共地
    4. 降速重试： SPD=240 bash led-window.sh
RESULT_FAIL total_attempts=6713
==================================================================
