Setting SWD clock to 500 kHz

==================================================================
  RST 钉住模式（pyOCD 版）
==================================================================
  ST-Link 量到的目标电压: 3.221 V
  本次要做的是：把 RST 一直拉低（LOW）

------------------------------------------------------------------
  万用表打【直流电压】档，黑表笔接【价签的 GND】，红表笔依次点：
------------------------------------------------------------------
    量哪里                              应该是    说明
    ST-Link 上你插 RST 的那根排针        ~0V      这根针确实被拉低了
    价签的 RST 焊盘                     ~0V      线通，ST-Link 真的在驱动它
    价签的 SWCLK 焊盘                   ~3.3V    空闲应为高
    价签的 SWDIO 焊盘                   ~3.3V    空闲应为高
------------------------------------------------------------------
  怎么判：
    A. 排针 ~0V + 价签 RST 也是 ~0V      -> 线是通的，别再怀疑 RST 线
    B. 排针 ~0V + 价签 RST 还是 ~3.3V    -> 线没接通 / 接错针（最常见）
    C. 排针还是 ~3.3V                    -> 那根针根本不是 nRST
       改用来回翻的模式来找针： STATE=toggle bash rst-hold.sh
       盯着表：在 0V 和 3.3V 之间来回跳的那根，才是 nRST
==================================================================

  RST 现在是 拉低 (LOW)。现在开始量，量完 Ctrl-C 停止。
  之后每 10 秒报一次，证明还钉着。
  [  10.1s] 还保持着呢：RST = LOW
  [  20.2s] 还保持着呢：RST = LOW
  [  30.4s] 还保持着呢：RST = LOW
  [  40.5s] 还保持着呢：RST = LOW
  [  50.6s] 还保持着呢：RST = LOW
  [  60.7s] 还保持着呢：RST = LOW
  [  70.9s] 还保持着呢：RST = LOW
  [  81.0s] 还保持着呢：RST = LOW
  [  91.1s] 还保持着呢：RST = LOW
  [ 101.2s] 还保持着呢：RST = LOW
  [ 111.4s] 还保持着呢：RST = LOW
  [ 121.5s] 还保持着呢：RST = LOW
  [ 131.6s] 还保持着呢：RST = LOW
  [ 141.7s] 还保持着呢：RST = LOW
  [ 151.9s] 还保持着呢：RST = LOW
  [ 162.0s] 还保持着呢：RST = LOW
  [ 172.1s] 还保持着呢：RST = LOW
  [ 182.2s] 还保持着呢：RST = LOW
  [ 192.3s] 还保持着呢：RST = LOW
  [ 202.4s] 还保持着呢：RST = LOW
  [ 212.5s] 还保持着呢：RST = LOW
  [ 222.7s] 还保持着呢：RST = LOW
  [ 232.8s] 还保持着呢：RST = LOW
  [ 242.9s] 还保持着呢：RST = LOW
  [ 253.0s] 还保持着呢：RST = LOW
  [ 263.2s] 还保持着呢：RST = LOW
  [ 273.3s] 还保持着呢：RST = LOW
  [ 283.4s] 还保持着呢：RST = LOW
  [ 293.5s] 还保持着呢：RST = LOW
  [ 303.7s] 还保持着呢：RST = LOW
  [ 313.8s] 还保持着呢：RST = LOW
  [ 323.9s] 还保持着呢：RST = LOW
  [ 334.0s] 还保持着呢：RST = LOW
  [ 344.2s] 还保持着呢：RST = LOW
  [ 354.3s] 还保持着呢：RST = LOW
  [ 364.4s] 还保持着呢：RST = LOW
  [ 374.5s] 还保持着呢：RST = LOW
  [ 384.6s] 还保持着呢：RST = LOW
  [ 394.7s] 还保持着呢：RST = LOW
  [ 404.9s] 还保持着呢：RST = LOW
  [ 415.0s] 还保持着呢：RST = LOW
  [ 425.1s] 还保持着呢：RST = LOW
  [ 435.2s] 还保持着呢：RST = LOW
  [ 445.4s] 还保持着呢：RST = LOW
  [ 455.5s] 还保持着呢：RST = LOW
  [ 465.6s] 还保持着呢：RST = LOW
  [ 475.7s] 还保持着呢：RST = LOW
  [ 485.9s] 还保持着呢：RST = LOW
  [ 496.0s] 还保持着呢：RST = LOW
  [ 506.1s] 还保持着呢：RST = LOW
  [ 516.2s] 还保持着呢：RST = LOW
  [ 526.3s] 还保持着呢：RST = LOW
  [ 536.4s] 还保持着呢：RST = LOW
  [ 546.6s] 还保持着呢：RST = LOW
  [ 556.7s] 还保持着呢：RST = LOW
  [ 566.8s] 还保持着呢：RST = LOW
  [ 576.9s] 还保持着呢：RST = LOW
  [ 587.0s] 还保持着呢：RST = LOW
  [ 597.2s] 还保持着呢：RST = LOW
  [ 607.3s] 还保持着呢：RST = LOW
  [ 617.4s] 还保持着呢：RST = LOW
  [ 627.5s] 还保持着呢：RST = LOW
  [ 637.6s] 还保持着呢：RST = LOW
  [ 647.8s] 还保持着呢：RST = LOW
  [ 657.9s] 还保持着呢：RST = LOW
  [ 668.0s] 还保持着呢：RST = LOW
  [ 678.1s] 还保持着呢：RST = LOW
  [ 688.2s] 还保持着呢：RST = LOW
  [ 698.3s] 还保持着呢：RST = LOW
  [ 708.4s] 还保持着呢：RST = LOW
  [ 718.6s] 还保持着呢：RST = LOW
  [ 728.7s] 还保持着呢：RST = LOW
  [ 738.8s] 还保持着呢：RST = LOW
  [ 748.9s] 还保持着呢：RST = LOW
  [ 759.0s] 还保持着呢：RST = LOW
  [ 769.2s] 还保持着呢：RST = LOW
  [ 779.3s] 还保持着呢：RST = LOW
  [ 789.4s] 还保持着呢：RST = LOW
  [ 799.5s] 还保持着呢：RST = LOW
  [ 809.6s] 还保持着呢：RST = LOW
  [ 819.8s] 还保持着呢：RST = LOW
  [ 829.9s] 还保持着呢：RST = LOW
  [ 840.0s] 还保持着呢：RST = LOW
  [ 850.1s] 还保持着呢：RST = LOW
  [ 860.2s] 还保持着呢：RST = LOW
  [ 870.4s] 还保持着呢：RST = LOW
  [ 880.5s] 还保持着呢：RST = LOW
  [ 890.6s] 还保持着呢：RST = LOW
  [ 900.7s] 还保持着呢：RST = LOW
  [ 910.9s] 还保持着呢：RST = LOW
  [ 921.0s] 还保持着呢：RST = LOW
  [ 931.1s] 还保持着呢：RST = LOW
  [ 941.2s] 还保持着呢：RST = LOW
  [ 951.3s] 还保持着呢：RST = LOW
  [ 961.4s] 还保持着呢：RST = LOW
  [ 971.6s] 还保持着呢：RST = LOW
  [ 981.7s] 还保持着呢：RST = LOW
  [ 991.8s] 还保持着呢：RST = LOW
  [1001.9s] 还保持着呢：RST = LOW
