Setting SWD clock to 500 kHz

==================================================================
  RST 钉住模式（pyOCD 版）
==================================================================
  ST-Link 量到的目标电压: 3.221 V
  ST-Link 固件: V2J37M7
  进 SWD 模式失败：STLink error (9): Get IDCODE error
  （没关系，接着照样驱动 nRST —— 成不成看你量的电压）
  本次要做的是：把 RST 一直拉低（LOW）

------------------------------------------------------------------
  万用表打【直流电压】档，黑表笔接【价签的 GND】，红表笔依次点：
------------------------------------------------------------------
    量哪里                              应该是    说明
    ST-Link 上你插 RST 的那根排针        ~0V      这根针确实被拉低了
    价签的 RST 焊盘                     ~0V      线通，ST-Link 真的在驱动它
    价签的 SWCLK 焊盘                   ~3.3V    空闲应为高
    价签的 SWDIO 焊盘                   ~3.3V    空闲应为高
------------------------------------------------------------------
  怎么判：
    A. 排针 ~0V + 价签 RST 也是 ~0V      -> 线是通的，别再怀疑 RST 线
    B. 排针 ~0V + 价签 RST 还是 ~3.3V    -> 线没接通 / 接错针（最常见）
    C. 排针还是 ~3.3V                    -> 那根针根本不是 nRST
       改用来回翻的模式来找针： STATE=toggle bash rst-hold.sh
       盯着表：在 0V 和 3.3V 之间来回跳的那根，才是 nRST
==================================================================

  RST 现在是 拉低 (LOW)。现在开始量，量完 Ctrl-C 停止。
  之后每 10 秒报一次，证明还钉着。
  [  10.1s] 还保持着呢：RST = LOW
  [  20.3s] 还保持着呢：RST = LOW
  [  30.4s] 还保持着呢：RST = LOW
  [  40.5s] 还保持着呢：RST = LOW
  [  50.6s] 还保持着呢：RST = LOW
  [  60.8s] 还保持着呢：RST = LOW
  [  70.9s] 还保持着呢：RST = LOW
  [  81.0s] 还保持着呢：RST = LOW
  [  91.1s] 还保持着呢：RST = LOW
  [ 101.2s] 还保持着呢：RST = LOW
