Setting SWD clock to 240 kHz

  自研固件体检 0x3001F000
  规矩：每次都先 halt 再读；隔一小会儿采几个点，判断它是在跑、在复位、还是卡住了

  先不复位，直接连 SWD（最多等 1500 ms）...
  直接连上了，CPUID 也读得出来（试了 1 次）
  —— 说明现在这个状态里调试口是开的（原厂 APP 跑起来会关）
  （每行：PC 落在哪 · 符号 · stage · DHCSR 的粘滞位。RST_ST=1 表示「上次读 DHCSR 之后芯片复位过」）

  #1  PC=0x0100C580  [我们的 APP]                      -                        stage=9  RST_ST=0 RETIRE=1  boot=1 uds=0
  #2  PC=0x0100C58A  [我们的 APP]                      -                        stage=9  RST_ST=0 RETIRE=1  boot=1 uds=0
  #3  PC=0x0100C584  [我们的 APP]                      -                        stage=9  RST_ST=0 RETIRE=1  boot=1 uds=0
  #4  PC=0x0100C588  [我们的 APP]                      -                        stage=9  RST_ST=0 RETIRE=1  boot=1 uds=0
  #5  PC=0x0100C580  [我们的 APP]                      -                        stage=9  RST_ST=0 RETIRE=1  boot=1 uds=0

  ---------------- 最后一次成功采样的细节 ----------------
  CPUID     : 0x410FC241 (Cortex-M4，读通路是活的)
  DHCSR     : 0x01030003  S_HALT=1
  PC        : 0x0100C580  ← 我们的 APP
  LR / SP   : 0x0100C5D3 / 0x30013FA8
  CFSR/HFSR : 0x00000000 / 0x00000000
  BFAR/MMFAR: 0xE000EDF8 / 0xE000EDF8

  AON 寄存器（这块是「永远在线」域，软复位不丢）：
    SOFTWARE_0 = 0x00010003   （冷启动/热启动相关的标志，SDK 用来判 boot mode）
    SOFTWARE_1 = 0x00000000   （低 16 位 = 0x0000）
      → 里面没有 0xF175 这个标志，平台那条「超深睡唤醒就复位整个系统」的路径**不成立**。
    SOFTWARE_2 = 0x00000050
    WDT LOAD/VALUE/CTRL/RIS = 0xFFFFFFFF 0xFFFFFFFF 0x00000000 0x00000000

  PSC（电源状态控制器，就在 AON 里）—— 自研固件就是卡在这里：
    PSC_CMD     = 0x00000000   MCU_PWR_REQ=0  MCU_PWR_BUSY=0 
    PSC_CMD_OPC = 0x00000011   opcode=0x11 (SLP_TIMER_MODE_1)
    MCU_RELEASE = 0x0181213A

  B2-B 共享内存信箱 0x30014000：
    magic     = 0xC26FC605 ✗ 不是 0x5A4B4D42 —— 要么没人写过，要么写的地址不对
    seq       = 2793187730
    len / sum = 92321894 / 0x2B19E71B
    status    = 1296584980    ack_seq = 3874674534    ms_refresh = 1390176282

  屏的 7 根脚（GPIO0，0xA0010000）—— 自研固件空闲时留下的状态：
    脚     输出值  实际电平  是输出吗
    CS       1       1        是
    SCLK     0       0        是
    SDI      0       0        是
    DC       0       0        是
    BUSY     0       0        否（输入）
    RST      1       1        是
    AUX      1       1        是   （在 GPIO1 上：编号 24 = P1_8）
    （BUSY 是输入脚：空闲时不忙的话应该是 0；一直是 1 可能是脚悬空/接错）

  AON 定时器（跑在低功耗时钟上）：读两次（隔 250ms）
    786157  ->  779249    （差 4294960388）
    → 在走，低功耗时钟是活的（那 PSC 卡住就是别的原因）。

  状态块 0x3001F000：
    magic = 0x5A4B3401 ✅ 我们的固件确实往这儿写过东西
    stage = 9  → 空闲循环里（心跳应该一直在涨）
    heart = 4394   flags = 0xC   build = 13
    BUSY 线：见过低=是 见过高=是  轮询=93684  超时=0  GPIO 错=0
    耗时(ms)：复位+初始化 14 / 传图 3078 / 刷新 9543
    boot_count = 1   uds_seen = 0   （boot_count = 进 main_init 的次数；
      这块 RAM 是 NOLOAD、软复位不清，所以它在涨就是芯片在反复复位）
    test_step = 1   （B1.3 上色测试：这一轮做的第几步；按一下 RST 就进下一步）
    BLE: state=1（在广播，等连接）  ble_err=0  mtu=0
    BLE MAC: A0:A3:B8:2D:96:EA

  ---------------- 结论 ----------------
  ▶ **没看到复位**：5 次采样里 S_RESET_ST 全是 0。
    而且 RETIRE_ST=1 —— CPU 在退休指令，也就是说它**在跑**，只是在某个地方打转。
  ▶ 我们的固件在跑（magic 在、PC 也落在 APP / SDK 的 RAM 代码里）。
  ▶ 采样到的 PC 全挤在 0x0100C580~0x0100C58A 这 10 字节里 ⇒
    **卡在某个这个循环里**（不是在到处跑）。

  （采样结束时我把 CPU 恢复成运行状态了，没把它按住不放。）
