Setting SWD clock to 240 kHz

  自研固件体检 0x3001F000
  规矩：每次都先 halt 再读；隔一小会儿采几个点，判断它是在跑、在复位、还是卡住了

  先不复位，直接连 SWD（最多等 1500 ms）...
  直接连上了，CPUID 也读得出来（试了 1 次）
  —— 说明现在这个状态里调试口是开的（原厂 APP 跑起来会关）
  （每行：PC 落在哪 · 符号 · stage · DHCSR 的粘滞位。RST_ST=1 表示「上次读 DHCSR 之后芯片复位过」）

  #1  PC=0x30009C38  [RAM 里（在 RAM 执行代码，可疑）]         (ramfunc 段里的代码，来自 libble stage=9  RST_ST=0 RETIRE=1  boot=2 uds=0
  #2  PC=0x30009C28  [RAM 里（在 RAM 执行代码，可疑）]         (ramfunc 段里的代码，来自 libble stage=9  RST_ST=0 RETIRE=1  boot=2 uds=0
  #3  PC=0x0002FAA6  [ROM（掩膜 ROM：芯片刚启动，或刚从复位里出来）]   -                        stage=9  RST_ST=0 RETIRE=1  boot=2 uds=0
  #4  PC=0x0007C382  [ROM（掩膜 ROM：芯片刚启动，或刚从复位里出来）]   -                        stage=9  RST_ST=0 RETIRE=1  boot=2 uds=0
  #5  PC=0x300083C2  [RAM 里（在 RAM 执行代码，可疑）]         (ramfunc 段里的代码，来自 libble stage=9  RST_ST=0 RETIRE=1  boot=2 uds=0

  ---------------- 最后一次成功采样的细节 ----------------
  CPUID     : 0x410FC241 (Cortex-M4，读通路是活的)
  DHCSR     : 0x01030003  S_HALT=1
  PC        : 0x300083C2  ← RAM 里（在 RAM 执行代码，可疑）
              按本机这份 .map 查：(ramfunc 段里的代码，来自 libble_sdk.a(platform_sram.o))
              （刷进芯片的那份要是跟这份 .elf 不是同一次编译的，名字会偏）
  LR / SP   : 0x30008493 / 0x30013FA4
  CFSR/HFSR : 0x00000000 / 0x00000000
  BFAR/MMFAR: 0xE000EDF8 / 0xE000EDF8

  AON 寄存器（这块是「永远在线」域，软复位不丢）：
    SOFTWARE_0 = 0x00010003   （冷启动/热启动相关的标志，SDK 用来判 boot mode）
    SOFTWARE_1 = 0x00000000   （低 16 位 = 0x0000）
      → 里面没有 0xF175 这个标志，平台那条「超深睡唤醒就复位整个系统」的路径**不成立**。
    SOFTWARE_2 = 0x00000050
    SNSADC_CFG = 0x472DE703   （ADC 唯一的配置寄存器）
      通道 P=5(TMP(温度))  N=5(TMP(温度))   参考=0.85V   VBAT_EN=1  TEMP_EN=1
      ℹ 停在温度通道是**正常**的：build 42 每一轮最后读的是温度，
        寄存器就停在它上面；这一版读电池时会先把通道切回 BAT，
        判据看下面那两条读数（1.28V 那条应该 ≈ 你供给的电压）。
    WDT LOAD/VALUE/CTRL/RIS = 0xFFFFFFFF 0xFFFFFFFF 0x00000000 0x00000000

  PSC（电源状态控制器，就在 AON 里）—— 自研固件就是卡在这里：
    PSC_CMD     = 0x00000000   MCU_PWR_REQ=0  MCU_PWR_BUSY=0 
    PSC_CMD_OPC = 0x00000011   opcode=0x11 (SLP_TIMER_MODE_1)
    MCU_RELEASE = 0x0181213A

  BLE 子系统（comm core）状态：
    AON PWR_RET01 = 0x053218EC
      comm core  电源 = 1    comm timer 电源 = 1
      comm core  隔离 = 0    comm timer 隔离 = 0   （0 = 没隔离，正常）
      comm core  复位(1=已放开) = 1    comm timer 复位(1=已放开) = 1
      → BLE 子系统是上电、放开复位的 —— 那就不是电源/复位的问题。
    NVIC ISER0 = 0x04000006
      IRQ1 BLE_SDK（协议栈调度）= 使能    IRQ2 BLE = 使能    IRQ25 BLESLP = **没使能**

  B2-B 共享内存信箱 0x30014000：
    magic     = 0xC26FC605 ✗ 不是 0x5A4B4D42 —— 要么没人写过，要么写的地址不对
    seq       = 2792139186
    len / sum = 630372422 / 0x2B19E71B
    status    = 1279807765    ack_seq = 3874674662    ms_refresh = 1390169114

  屏的 7 根脚（GPIO0，0xA0010000）—— 自研固件空闲时留下的状态：
    脚     输出值  实际电平  是输出吗
    CS       0       0        否（输入）
    SCLK     0       0        否（输入）
    SDI      0       0        否（输入）
    DC       0       0        否（输入）
    BUSY     0       0        否（输入）
    RST      0       0        否（输入）
    AUX      0       0        否（输入）   （在 GPIO1 上：编号 24 = P1_8）
    （BUSY 是输入脚：空闲时不忙的话应该是 0；一直是 1 可能是脚悬空/接错）

  AON 定时器（跑在低功耗时钟上）：读两次（隔 250ms）
    4294967295  ->  4294967295    （递减计数，差 0）
    → **没走**：低功耗时钟（32.768kHz 那一路）没有在跑。
      这也解释了 PSC 为什么完不成 RTC_CLK 命令。

  时基自检（固件里所有 ms 都是拿 SystemCoreClock 换算的，所以先看它对不对）：
    SystemCoreClock = 16000000   固件的 DWT 校准值 s_cyc_per_us = 16
      （两个符号的地址是从 .map 查的：SystemCoreClock @0x300041C0，s_cyc_per_us @0x3000AAC8）
    DWT CYCCNT 实测：0.26 秒走了 4128476 个周期 ⇒ 实际主频 ≈ 16.0 MHz
    → 对得上 ✅ 状态块里的 ms 可以直接信。

  时基实测（拿状态块里的 zk_tick_ms 跟宿主秒表对拍，等了 5.0 秒）：
    价签走了 0.00 秒 / 真实 5.00 秒   ⇒ **比值 0.000**
    → 慢得离谱（0.00）❌ —— 标定出来的频率偏大，把这一段发我。
      ⚠ 两次读到的毫秒一模一样：主循环可能卡住了（正好在刷屏？）

  状态块 0x3001F000：
    magic = 0x5A4B3401 ✅ 我们的固件确实往这儿写过东西
    stage = 9  → 空闲循环里（心跳应该一直在涨）
    heart = 1   flags = 0x6C   build = 75
    BUSY 线：见过低=否 见过高=否  轮询=0  超时=0  GPIO 错=0
    耗时(ms)：复位+初始化 0 / 传图 0 / 刷新 0
    boot_count = 2   uds_seen = 0   （boot_count = 进 main_init 的次数；
      这块 RAM 是 NOLOAD、软复位不清，所以它在涨就是芯片在反复复位）
    test_step = 27230   （build 59 起 = 毫秒时基实际用的频率：每秒多少 tick。0 = 没在用 AON 时基，回退成 CYCCNT 了）
    BLE: state=1（在广播，等连接）  ble_err=0  mtu=0
    BLE MAC: A0:A3:B8:2D:96:EA
    BLE 最后事件: id=0x207（BLE_GAPM_EVT_ADV_START）  status=0（成功）  共收到 3 个事件

  ---- B2-A.2 实验一：扫描（看射频活没活）----
    这一版**没跑扫描实验**（开机直接广播）——
    扫描是 build 19 用来回答「射频活没活」的；那个问题已经有答案了
    （395 条上报 / 16 个设备 / -39 dBm），所以产品路径上不再每次开机先听 4 秒。
    要再跑一遍：把 zk_ble.c 里 ZK_BLE_SCAN_TEST 改回 1 再重编。

  ---- B2-A.2 实验二：广播数据变体（看广播被什么拒了）----
    ble_adv_try = 0（试到第几个变体）   成功的是 = 0
    adv_data_set(DATA) 返回 = 0（SDK_SUCCESS）
    adv_data_set(SCAN_RSP) 返回 = 0（SDK_SUCCESS）
    adv_start 返回 = 0（SDK_SUCCESS）  （0 只代表「命令收下了」，不代表真在广播）
    变体   ADV_START 事件     这套数据
    #0   0 ✅ 被接受了         广播=厂商数据+名字（**不带 Flags**）  scan rsp=128 位服务 UUID
    #1   没等到事件            广播=Flags+厂商数据+名字（旧版那一套，对照组）  scan rsp=UUID
    #2   没等到事件            广播=只有名字  scan rsp=UUID
    #3   没等到事件            广播=128 位 UUID+厂商数据（照抄 SDK 例程的形状）  scan rsp=名字
    #4   没等到事件            广播=只有 Flags  scan rsp=UUID
    #5   没等到事件            广播=厂商数据+名字  scan rsp=空
    ▶ 变体 #0 这套广播数据控制器认了 —— 下一个版本就把它固化下来，
      然后用手机/nRF Connect 搜 'ZK42V-EPD' 看能不能搜到。
      （表中 #0 之后那几行写「没等到事件」，不是它们失败 ——
        **是 #0 一成功我们就停了**，后面的压根没试，故意的 ——
        省时间，也免得把已经起来的广播活动折腾掉。）
    ADV_STOP（广播自己停）：一共 0 次   我们重开了 0 次
      → 从开机到现在广播一直没停过（正常）

  ---- B2-A.2：GATT 服务 / 推图（build 21 起，网页走的就是这条）----
    服务：注册返回 = 0（SDK_SUCCESS）  建库返回 = 0（SDK_SUCCESS）
          句柄 = 0x000C~0x0011（6 个属性）
    连接：**还没有客户端连上来过**
    MTU：告诉网页的可写长度 = 0（网页按它 -2 切图块）
    命令：一共收到 0 条，最后一条 = 还没收到过
    INIT 命令收到 0 次，REFRESH/CLEAR 收到 0 次
    图像：WRITE_IMAGE 收到 0 块   黑白面 0/15000 字节   红面 0/15000 字节
    屏：没动过（还没有人用屏）
    日历/时钟：模式 = 日历   网页给的时间 = 还没同步过   画过 0 次
      网页给的时区：还没同步过
      校时命令 0x20：还没收到过（屏上的时间会是空的）
      城市名 0x79：收到 0 次（还没收到过 → 温度后面是空的）
      纪念日 0x7A：收到 0 次（还没收到过 → 日历上没有提醒框）
      天气预警 0x7C：收到 0 次（还没收到过 → 表头照常显示天气文字）
      预警图标 0x7D：收到 0 次（还没收到过 → 那格继续画天气图标）
      → 网页点了「日历/时钟模式」但我们还没画出来（看下一行的屏状态）
    画面选项：没设过（默认：不反色、不旋转、日历页画农历）
    zk_tick_ms() = 0（单调毫秒的低 32 位；它不该突然掉回 0）
    ---- 毫秒时基（build 59 起用 AON 定时器）----
    来源 = DWT 开机标定   递减计数
    频率 = 27230 tick/秒   （≈ 27.2 kHz）
      开机 DWT 标定 = 27230   sys_lpclk_get() = 27230
    AON 计数器原始值 = 254231   累计 tick = 0（÷ 频率 ≈ 0 秒）
    异常（计数器倒退/被复位）= 0 次   长阻塞补记（>1 秒）= 0 次
    电池：**还没读到**（ADC 失败 0 次）
    ---- ADC 诊断（build 42 加）----
    AON SNSADC_CFG = 0x00000000
      EN=0  通道 P=0(?) N=0(?)  参考=0  单端=0  VBAT_EN=0  TEMP_EN=0
      （这个快照是**温度读完那一刻**拍的：build 42 每轮最后读温度，所以停在哪不重要，看读数）
    读一次的量：原始码值 -   1.28V 参考那条路 - mV   0.85V 参考(SDK) - mV
    ⚠ 出厂校准没读到（sys_adc_trim_get 返回 -1）—— 换算只能用兜底常数，读数不可信
      ✅ 快照里是**电池**通道（build 42 读之前重新 init 过）
    天气（手机下发）：不显示   天气温度 还没收到过   收到过 0 次
      → 还没发过。网页「发送命令」里敲 `71 02 1A` = 多云 26℃（码：1晴 2多云 3阴 4小雨 5大雨 6雷阵雨 7雪 8雾 9风；`71 00` 不显示）
    通知：发出去 0 条，最后一次返回 0（0 = 成功）
    ▶ 还没有网页连上来 —— 先用手机 Chrome 打开 tsl0922 那个网页点「连接」。

  ---------------- 结论 ----------------
  ▶ **没看到复位**：5 次采样里 S_RESET_ST 全是 0。
    而且 RETIRE_ST=1 —— CPU 在退休指令，也就是说它**在跑**，只是在某个地方打转。
  ▶ 我们的固件至少跑到了 main_init（magic 在），但 PC 不在 APP 里。

  （采样结束时我把 CPU 恢复成运行状态了，没把它按住不放。）
