Setting SWD clock to 240 kHz

  自研固件体检 0x3001F000
  规矩：每次都先 halt 再读；隔一小会儿采几个点，判断它是在跑、在复位、还是卡住了

  先不复位，直接连 SWD（最多等 1500 ms）...
  直接连上了，CPUID 也读得出来（试了 1 次）
  —— 说明现在这个状态里调试口是开的（原厂 APP 跑起来会关）
  （每行：PC 落在哪 · 符号 · stage · DHCSR 的粘滞位。RST_ST=1 表示「上次读 DHCSR 之后芯片复位过」）

  #1  PC=0x30004E1A  [RAM 里（在 RAM 执行代码，可疑）]         (ramfunc 段里的代码，来自 libble stage=64 RST_ST=0 RETIRE=1
  #2  读不到 —— 调试口这会儿不在了
       重连也读不回来 —— 更像 SWD 被关掉 / 会话彻底失效了。
  #3  读不到 —— 调试口这会儿不在了
       重连之后读得回来（PC=0x0000B92C）
       说明刚才那次'读不到'是**调试口被重置过**（芯片复位），
       不是固件把 SWD 关掉了。
  #4  PC=0x010036AC  [原厂 bootloader（还没把控制权交给我们的 APP）] -                        stage=64 RST_ST=0 RETIRE=1
  #5  PC=0x30004E22  [RAM 里（在 RAM 执行代码，可疑）]         (ramfunc 段里的代码，来自 libble stage=64 RST_ST=0 RETIRE=1

  ---------------- 最后一次成功采样的细节 ----------------
  CPUID     : 0x410FC241 (Cortex-M4，读通路是活的)
  DHCSR     : 0x01030003  S_HALT=1
  PC        : 0x30004E22  ← RAM 里（在 RAM 执行代码，可疑）
              按本机这份 .map 查：(ramfunc 段里的代码，来自 libble_sdk.a(platform_clock.o))
              （刷进芯片的那份要是跟这份 .elf 不是同一次编译的，名字会偏）
  LR / SP   : 0x0100CEAF / 0x3001EF88
  CFSR/HFSR : 0x00000000 / 0x00000000
  BFAR/MMFAR: 0xE000EDF8 / 0xE000EDF8

  AON 寄存器（这块是「永远在线」域，软复位不丢）：
    SOFTWARE_0 = 0x00010003   （冷启动/热启动相关的标志，SDK 用来判 boot mode）
    SOFTWARE_1 = 0x00000000   （低 16 位 = 0x0000）
      → 里面没有 0xF175 这个标志，平台那条「超深睡唤醒就复位整个系统」的路径**不成立**。
    SOFTWARE_2 = 0x00000050
    WDT LOAD/VALUE/CTRL/RIS = 0xFFFFFFFF 0xFFFFFFFF 0x00000000 0x00000000

  PSC（电源状态控制器，就在 AON 里）—— 自研固件就是卡在这里：
    PSC_CMD     = 0x00000002   MCU_PWR_REQ=0  MCU_PWR_BUSY=1   ← 一直在忙！
    PSC_CMD_OPC = 0x00000007   opcode=0x07 (RTC_CLK)
    → 卡住的那条命令是 0x07 (RTC_CLK)，它一直没完成。
      0x07 = RTC_CLK（把 PSC 的时基切到 RTC / 32.768kHz）。
      这条命令完不成，通常就是这个 32.768kHz 时钟源没在跑/不存在。
    MCU_RELEASE = 0x0181213A

  AON 定时器（跑在低功耗时钟上）：读两次（隔 250ms）
    0  ->  0    （差 0）
    → **没走**：低功耗时钟（32.768kHz 那一路）没有在跑。
      这也解释了 PSC 为什么完不成 RTC_CLK 命令。

  状态块 0x3001F000：
    magic = 0x5A4B3401 ✅ 我们的固件确实往这儿写过东西
    stage = 64  → Reset_Handler 已经跑到我们的代码了（SDK 初始化还没走完，卡在 soc_init / hal_flash_init 这一带）
    heart = 2024215127   flags = 0x4AB95096   build = 1
    BUSY 线：见过低=是 见过高=否  轮询=1562257522  超时=165644290  GPIO 错=2995790417
    耗时(ms)：复位+初始化 2153799085 / 传图 1448227265 / 刷新 66859031
    （这一版固件是 build=1，**还没有** boot_count/uds_seen 这两个计数器，
      状态块里 +0x30 往后那两个数是没被写过的 RAM 垃圾值，别当真；
      要看这两个数，刷 B1.1 及以后的固件。）

  ---------------- 结论 ----------------
  ▶ **没看到复位**：4 次采样里 S_RESET_ST 全是 0。
    而且 RETIRE_ST=1 —— CPU 在退休指令，也就是说它**在跑**，只是在某个地方打转。
  ▶ 我们的固件至少跑到了 main_init（magic 在），但 PC 不在 APP 里。

  ▶▶ 找到卡死点了：AON 的 PSC 一直 BUSY，卡住的命令是 0x07 (RTC_CLK)。
     而且 AON 定时器不走 ⇒ 低功耗时钟没在跑。
     合起来看：SDK 在 clock init 里要求把 PSC 时基切到 RTC(32.768kHz)，
     但这条命令等不到完成的时钟，于是死在 platform_disable_sleep_timer() 的等待循环里。
     下一步方向：要么让 32k 时钟跑起来（板上有/能起振），
     要么改 SDK 那条时钟路径（把 LP 时钟换成内部 RC）。

  （采样结束时我把 CPU 恢复成运行状态了，没把它按住不放。）
