Setting SWD clock to 240 kHz

  自研固件体检 0x3001F000
  规矩：每次都先 halt 再读；隔一小会儿采几个点，判断它是在跑、在复位、还是卡住了

  先不复位，直接连 SWD（最多等 1500 ms）...
  直接连不上，改成抢复位窗口（按住 RST 数到 0 松手）...

  把 RST 按住接地，我数到 0 再松手：
      3 ...
      2 ...
      1 ...
  >>> 现在松手！ <<<
  连上了（复位后 2849 ms，试了 644 次）
  （每行：PC 落在哪 · 符号 · stage · DHCSR 的粘滞位。RST_ST=1 表示「上次读 DHCSR 之后芯片复位过」）

  #1  PC=0x0000B92E  [ROM（掩膜 ROM：芯片刚启动，或刚从复位里出来）]   -                        stage=971140272 RST_ST=0 RETIRE=1
  #2  PC=0x0000B92C  [ROM（掩膜 ROM：芯片刚启动，或刚从复位里出来）]   -                        stage=971140272 RST_ST=0 RETIRE=1
  #3  PC=0x0101B4E8  [我们的 APP]                      -                        stage=971140272 RST_ST=0 RETIRE=1
  #4  PC=0x0101B4EA  [我们的 APP]                      -                        stage=971140272 RST_ST=0 RETIRE=1
  #5  读不到 —— 调试口这会儿不在了
       重连也读不回来 —— 更像 SWD 被关掉 / 会话彻底失效了。

  ---------------- 最后一次成功采样的细节 ----------------
  CPUID     : 0x410FC241 (Cortex-M4，读通路是活的)
  DHCSR     : 0x01030003  S_HALT=1
  PC        : 0x0101B4EA  ← 我们的 APP
  LR / SP   : 0x0100A271 / 0x0081FFF0
  CFSR/HFSR : 0x00000000 / 0x00000000
  BFAR/MMFAR: 0xE000EDF8 / 0xE000EDF8

  AON 寄存器（这块是「永远在线」域，软复位不丢）：
    SOFTWARE_0 = 0x00010003   （冷启动/热启动相关的标志，SDK 用来判 boot mode）
    SOFTWARE_1 = 0x00000000   （低 16 位 = 0x0000）
      → 里面没有 0xF175 这个标志，平台那条「超深睡唤醒就复位整个系统」的路径**不成立**。
    SOFTWARE_2 = 0x00000050
    WDT LOAD/VALUE/CTRL/RIS = 0xFFFFFFFF 0xFFFFFFFF 0x00000000 0x00000000

  PSC（电源状态控制器，就在 AON 里）—— 自研固件就是卡在这里：
    PSC_CMD     = 0x00000000   MCU_PWR_REQ=0  MCU_PWR_BUSY=0 
    PSC_CMD_OPC = 0x0000000A   opcode=0x0A (LD_MEM_WKUP_CFG)
    MCU_RELEASE = 0x0181213A

  状态块 0x3001F000：
    magic = 0x9ADDEFF1 ✗（期望 0x5A4B3401）—— 我们的固件没写过这里
    stage = 971140272  → 未知
    heart = 4289142355   flags = 0x4AA951F0   build = 3722774455
    BUSY 线：见过低=是 见过高=否  轮询=2627479634  超时=165446146  GPIO 错=3002622033
    耗时(ms)：复位+初始化 686312681 / 传图 3595776457 / 刷新 586428445
    （这一版固件是 build=3722774455，**还没有** boot_count/uds_seen 这两个计数器，
      状态块里 +0x30 往后那两个数是没被写过的 RAM 垃圾值，别当真；
      要看这两个数，刷 B1.1 及以后的固件。）

  ---------------- 结论 ----------------
  ▶ **没看到复位**：4 次采样里 S_RESET_ST 全是 0。
    而且 RETIRE_ST=1 —— CPU 在退休指令，也就是说它**在跑**，只是在某个地方打转。
  ▶ 状态块里没有我们的印记 —— 固件没跑到 main_init，或者根本没被执行。
  ▶ 采样到的 PC 全挤在 0x0101B4E8~0x0101B4EA 这 2 字节里 ⇒
    **卡在某个这个循环里**（不是在到处跑）。

  （采样结束时我把 CPU 恢复成运行状态了，没把它按住不放。）
