Setting SWD clock to 240 kHz

  自研固件体检 0x3001F000
  规矩：每次都先 halt 再读；隔一小会儿采几个点，判断它是在跑、在复位、还是卡住了

  先不复位，直接连 SWD（最多等 1500 ms）...
  直接连上了，CPUID 也读得出来（试了 1 次）
  —— 说明现在这个状态里调试口是开的（原厂 APP 跑起来会关）
  （每行：PC 落在哪 · 符号 · stage · DHCSR 的粘滞位。RST_ST=1 表示「上次读 DHCSR 之后芯片复位过」）

  #1  PC=0x0100B71C  [我们的 APP]                      epd_delay_us+0x10        stage=9  RST_ST=0 RETIRE=1  boot=1 uds=0
  #2  PC=0x0100B71C  [我们的 APP]                      epd_delay_us+0x10        stage=9  RST_ST=0 RETIRE=1  boot=1 uds=0
  #3  PC=0x0100B71C  [我们的 APP]                      epd_delay_us+0x10        stage=9  RST_ST=0 RETIRE=1  boot=1 uds=0
  #4  PC=0x0100B71E  [我们的 APP]                      epd_delay_us+0x12        stage=9  RST_ST=0 RETIRE=1  boot=1 uds=0
  #5  PC=0x0100B722  [我们的 APP]                      epd_delay_us+0x16        stage=9  RST_ST=0 RETIRE=1  boot=1 uds=0

  ---------------- 最后一次成功采样的细节 ----------------
  CPUID     : 0x410FC241 (Cortex-M4，读通路是活的)
  DHCSR     : 0x01030003  S_HALT=1
  PC        : 0x0100B722  ← 我们的 APP
              按本机这份 .map 查：epd_delay_us+0x16
              （刷进芯片的那份要是跟这份 .elf 不是同一次编译的，名字会偏）
  LR / SP   : 0x0100B803 / 0x30013FD0
  CFSR/HFSR : 0x00000000 / 0x00000000
  BFAR/MMFAR: 0xE000EDF8 / 0xE000EDF8

  AON 寄存器（这块是「永远在线」域，软复位不丢）：
    SOFTWARE_0 = 0x00010003   （冷启动/热启动相关的标志，SDK 用来判 boot mode）
    SOFTWARE_1 = 0x00000000   （低 16 位 = 0x0000）
      → 里面没有 0xF175 这个标志，平台那条「超深睡唤醒就复位整个系统」的路径**不成立**。
    SOFTWARE_2 = 0x00000050
    WDT LOAD/VALUE/CTRL/RIS = 0xFFFFFFFF 0xFFFFFFFF 0x00000000 0x00000000

  PSC（电源状态控制器，就在 AON 里）—— 自研固件就是卡在这里：
    PSC_CMD     = 0x00000000   MCU_PWR_REQ=0  MCU_PWR_BUSY=0 
    PSC_CMD_OPC = 0x00000011   opcode=0x11 (SLP_TIMER_MODE_1)
    MCU_RELEASE = 0x0181213A

  BLE 子系统（comm core）状态：
    AON PWR_RET01 = 0x053218EC
      comm core  电源 = 1    comm timer 电源 = 1
      comm core  隔离 = 0    comm timer 隔离 = 0   （0 = 没隔离，正常）
      comm core  复位(1=已放开) = 1    comm timer 复位(1=已放开) = 1
      → BLE 子系统是上电、放开复位的 —— 那就不是电源/复位的问题。
    NVIC ISER0 = 0x04001006
      IRQ1 BLE_SDK（协议栈调度）= 使能    IRQ2 BLE = 使能    IRQ25 BLESLP = **没使能**

  B2-B 共享内存信箱 0x30014000：
    magic     = 0xC26FC60F ✗ 不是 0x5A4B4D42 —— 要么没人写过，要么写的地址不对
    seq       = 2793187730
    len / sum = 93501510 / 0x2B19E71B
    status    = 1296584980    ack_seq = 3874674022    ms_refresh = 1927047258

  屏的 7 根脚（GPIO0，0xA0010000）—— 自研固件空闲时留下的状态：
    脚     输出值  实际电平  是输出吗
    CS       0       0        否（输入）
    SCLK     0       0        否（输入）
    SDI      0       0        否（输入）
    DC       0       0        否（输入）
    BUSY     0       0        否（输入）
    RST      0       0        否（输入）
    AUX      0       0        否（输入）   （在 GPIO1 上：编号 24 = P1_8）
    （BUSY 是输入脚：空闲时不忙的话应该是 0；一直是 1 可能是脚悬空/接错）

  AON 定时器（跑在低功耗时钟上）：读两次（隔 250ms）
    297758  ->  290682    （差 4294960220）
    → 在走，低功耗时钟是活的（那 PSC 卡住就是别的原因）。

  时基自检（固件里所有 ms 都是拿 SystemCoreClock 换算的，所以先看它对不对）：
    SystemCoreClock = 16000000   固件的 DWT 校准值 s_cyc_per_us = 16
      （两个符号的地址是从 .map 查的：SystemCoreClock @0x300041C0，s_cyc_per_us @0x3000B1E8）
    DWT CYCCNT 实测：0.26 秒走了 4119940 个周期 ⇒ 实际主频 ≈ 16.0 MHz
    → 对得上 ✅ 状态块里的 ms 可以直接信。

  状态块 0x3001F000：
    magic = 0x5A4B3401 ✅ 我们的固件确实往这儿写过东西
    stage = 9  → 空闲循环里（心跳应该一直在涨）
    heart = 109367   flags = 0xC   build = 28
    BUSY 线：见过低=是 见过高=是  轮询=176992  超时=0  GPIO 错=0
    耗时(ms)：复位+初始化 0 / 传图 0 / 刷新 0
    boot_count = 1   uds_seen = 0   （boot_count = 进 main_init 的次数；
      这块 RAM 是 NOLOAD、软复位不清，所以它在涨就是芯片在反复复位）
    test_step = 2810513150   （B1.3 那个「按 RST 换下一步」的遗留字段，B1.5 起就没人写了 —— 这块 RAM 不清零，所以那个数是垃圾，别当真）
    BLE: state=2（已连接）  ble_err=0  mtu=247
    BLE MAC: A0:A3:B8:2D:96:EA
    BLE 最后事件: id=0x600（BLE_GATT_COMMON_EVT_MTU_EXCHANGE）  status=0（成功）  共收到 8 个事件

  ---- B2-A.2 实验一：扫描（看射频活没活）----
    这一版**没跑扫描实验**（开机直接广播）——
    扫描是 build 19 用来回答「射频活没活」的；那个问题已经有答案了
    （395 条上报 / 16 个设备 / -39 dBm），所以产品路径上不再每次开机先听 4 秒。
    要再跑一遍：把 zk_ble.c 里 ZK_BLE_SCAN_TEST 改回 1 再重编。

  ---- B2-A.2 实验二：广播数据变体（看广播被什么拒了）----
    ble_adv_try = 0（试到第几个变体）   成功的是 = 0
    adv_data_set(DATA) 返回 = 0（SDK_SUCCESS）
    adv_data_set(SCAN_RSP) 返回 = 0（SDK_SUCCESS）
    adv_start 返回 = 0（SDK_SUCCESS）  （0 只代表「命令收下了」，不代表真在广播）
    变体   ADV_START 事件     这套数据
    #0   0 ✅ 被接受了         广播=厂商数据+名字（**不带 Flags**）  scan rsp=128 位服务 UUID
    #1   没等到事件            广播=Flags+厂商数据+名字（旧版那一套，对照组）  scan rsp=UUID
    #2   没等到事件            广播=只有名字  scan rsp=UUID
    #3   没等到事件            广播=128 位 UUID+厂商数据（照抄 SDK 例程的形状）  scan rsp=名字
    #4   没等到事件            广播=只有 Flags  scan rsp=UUID
    #5   没等到事件            广播=厂商数据+名字  scan rsp=空
    ▶ 变体 #0 这套广播数据控制器认了 —— 下一个版本就把它固化下来，
      然后用手机/nRF Connect 搜 'ZK42V-EPD' 看能不能搜到。
      （表中 #0 之后那几行写「没等到事件」，不是它们失败 ——
        **是 #0 一成功我们就停了**，后面的压根没试，故意的 ——
        省时间，也免得把已经起来的广播活动折腾掉。）
    ADV_STOP（广播自己停）：一共 1 次   我们重开了 0 次
      最后一次停的原因 = 2（被连接打断（正常，等断开时会重开））

  ---- B2-A.2：GATT 服务 / 推图（build 21 起，网页走的就是这条）----
    服务：注册返回 = 0（SDK_SUCCESS）  建库返回 = 0（SDK_SUCCESS）
          句柄 = 0x000C~0x0011（6 个属性）
    连接：连上过 1 次，当前 conn_idx = 0   CCCD = 0x0001（客户端开了通知）
    MTU：告诉网页的可写长度 = 244（网页按它 -2 切图块）
    命令：一共收到 3 条，最后一条 = 0x20（SET_TIME）
    INIT 命令收到 1 次，REFRESH/CLEAR 收到 0 次
    图像：WRITE_IMAGE 收到 0 块   黑白面 0/15000 字节   红面 0/15000 字节
    屏：刷完一帧了
      初始化用了 71 ms，最近一次「写图 + 刷新」用了 25283 ms
      这一轮刷新时 BUSY 被轮询了 87273 次（×200us ≈ 17.5 秒）
    日历/时钟：模式 = 日历   网页给的时间 = 2026-09-28 10:10:48 UTC   画过 2 次
    画面选项：没设过（默认：不反色、不旋转、日历页画农历）
    通知：发出去 4 条，最后一次返回 0（0 = 成功）
    ▶ 收到命令了但还没看到图像数据 —— 网页那边是不是没点「推送」？

  ---------------- 结论 ----------------
  ▶ **没看到复位**：5 次采样里 S_RESET_ST 全是 0。
    而且 RETIRE_ST=1 —— CPU 在退休指令，也就是说它**在跑**，只是在某个地方打转。
  ▶ 我们的固件在跑（magic 在、PC 也落在 APP / SDK 的 RAM 代码里）。
  ▶ 采样到的 PC 全挤在 0x0100B71C~0x0100B722 这 6 字节里 ⇒
    这些 PC 落在「epd_delay_us+0x16」 —— **空闲循环里正常打转**
    （空闲循环 99% 的时间就花在那个 5 ms 延时上，采到它是最正常的；
      只要 stage=9、心跳还在涨，就说明固件活得好好的。）

  （采样结束时我把 CPU 恢复成运行状态了，没把它按住不放。）
